SQL> INSERT AREA
  2  VALUES(1, 'ALGEBRA',4);
INSERT AREA
       *
ERROR at line 1:
ORA-00925: missing INTO keyword 


SQL> INSERT AREA
  2  VALUES (1, 'ALGEBRA', 4);
INSERT AREA
       *
ERROR at line 1:
ORA-00925: missing INTO keyword 


SQL> INSERT INTO AREA
  2  VALUES (1, 'ALGEBRA', 4);

1 row created.

SQL> INSERT INTO AREA
  2  VALUES (2, 'ANALISIS MATEMATICO', 1);

1 row created.

SQL> INSERT INTO AREA
  2  VALUES (3, 'ASTRONOMIA Y ASTROFISICA', 2);

1 row created.

SQL> INSERT INTO AREA
  2  VALUES (4, 'CIENCIAS DE LA COMPUTACION E INTELIGENCIA ARTIFICIAL', 3);

1 row created.

SQL> INSERT INTO AREA
  2  VALUES (5, 'DIDACTICA DE LA MATEMATICA', 1);

1 row created.

SQL> INSERT INTO AREA
  2  VALUES (6, 'ESTATISTICA E INVESTIGACION OPERATIVA', 3);

1 row created.

SQL> INSERT INTO AREA
  2  VALUES (7, 'LENGUAJES Y SISTEMAS INFORMATICOS', 3);

1 row created.

SQL> INSERT INTO AREA
  2  VALUES (8, 'MATEMATICA APLICADA', 1);

1 row created.

SQL> INSERT INTO PROFESOR
  2  VALUES(1111, 'JUAN',6,'CU')
  3  VALUES(2222, 'CARLOS',7,'TU')
  4  VALUES(3333, 'PEDRO','4','TEU');
VALUES(2222, 'CARLOS',7,'TU')
*
ERROR at line 3:
ORA-00933: SQL command not properly ended 


SQL> INSERT INTO PROFESOR
  2  VALUES(1111, 'JUAN',6,'CU')
  3  VALUES(2222, 'CARLOS',7,'TU')
  4  VALUES(3333, 'PEDRO','4','TEU')
  5  ;
VALUES(2222, 'CARLOS',7,'TU')
*
ERROR at line 3:
ORA-00933: SQL command not properly ended 


SQL> INSERT INTO PROFESOR
  2  VALUES(1111, 'JUAN',6,'CU');

1 row created.

SQL> INSERT INTO PROFESOR
  2  VALUES(2222, 'CARLOS',7,'TU');

1 row created.

SQL> INSERT INTO PROFESOR
  2  VALUES(3333, 'PEDRO','4','TEU');

1 row created.

SQL> INSERT INTO PROFESOR
  2  VALUES(4444, 'MARIA','7','TU');

1 row created.

SQL> INSERT INTO PROFESOR
  2  VALUES(5555, 'IVAN','1','CEU');

1 row created.

SQL> INSERT INTO PROFESOR
  2  VALUES(6666, 'CARMEN','3','CD');

1 row created.

SQL> INSERT INTO PROFESOR
  2  VALUES(7777, 'MARIO','2','TU');

1 row created.

SQL> INSERT INTO PROFESOR
  2  VALUES(8888, 'FRANCISCO','5','TU');

1 row created.

SQL> INSERT INTO PROFESOR
  2  VALUES(9999, 'ANGELA','8','TEU');

1 row created.

SQL> INSERT INTO PROFESOR
  2  VALUES(1010, 'DAVID','4','TU');

1 row created.

SQL> INSERT INTO PROFESOR
  2  VALUES(2020, 'SOLEDAD','7','CU');

1 row created.

SQL> INSERT INTO PROFESOR
  2  VALUES(3030, 'JOSE MANUEL','6','TEU');

1 row created.

SQL> INSERT INTO ASIGNATURA
  2  VALUES(1,'BASES DE DATOS','GII',3,7,3,1.5,1.5);

1 row created.

SQL> INSERT INTO ASIGNATURA
  2  VALUES(2,'INTELIGENCIA ARTIFICIAL','GII',3,4,1.5,1.5,3);

1 row created.

SQL> INSERT INTO ASIGNATURA
  2  VALUES(3,'ALMACENES DE DATOS','MII',1,7,1.5,0,1.5);

1 row created.

SQL> INSERT INTO ASIGNATURA
  2  VALUES(4,'MINERIA DE DATOS','MII',1,7,1.5,0,1.5);

1 row created.

SQL> INSERT INTO ASIGNATURA
  2  VALUES(5,'INFORMATICA BASICA','GII',1,7,3,1.5,1.5);

1 row created.

SQL> INSERT INTO ASIGNATURA
  2  VALUES(6,'ALGEBRA','GII',1,1,3,3,0);

1 row created.

SQL> INSERT INTO ASIGNATURA
  2  VALUES(7,'CALCULO','GII',1,8,3,3,0);

1 row created.

SQL> INSERT INTO ASIGNATURA
  2  VALUES(8,'OPTIMIZACION','GII',1,6,3,1.5,1.5);

1 row created.

SQL> INSERT INTO ASIGNATURA
  2  VALUES(9,'GESTION DE RIESGOS','GII',3,4,3,0,3);

1 row created.

SQL> INSERT INTO ASIGNATURA
  2  VALUES(10,'ASTRONOMIA','GF',2,3,3,1.5,1.5);

1 row created.

SQL> INSERT INTO ASIGNATURA
  2  VALUES(11,'ENSENANZA DE LA MATEMATICA','GM',2,5,6,0,0);

1 row created.

SQL> INSERT INTO ASIGNATURA
  2  VALUES(12,'ANALISIS COMPLEJO','GM',4,2,4.5,3,0);

1 row created.

SQL> COMMIT WORK
  2  ;

Commit complete.

SQL> SPOOL OFF;
