SQL> SELECT *
  2  FROM alu0100981391.DEPARTAMENTO;

        CD D                                                                    
---------- ------------------------------------------------------------         
         1 ANALISIS MATEMATICO                                                  
         2 ASTROFISICA                                                          
         3 ESTATISTICAS,INVESTIGACION OPERATIVA Y COMPUTACION                   
         4 MATEMATICA FUNDAMENTAL                                               

SQL> SELECT *
  2  FROM alu0100981391.PROFESOR;
FROM alu0100981391.PROFESOR
                   *
ERROR at line 2:
ORA-00942: table or view does not exist 


SQL> 
SQL> INSERT INTO alu0100981391.DEPARTAMENTO
  2  VALUES(5,'ECONOMIA');

1 row created.

SQL> UPDATE alu0100981391.DEPARTAMENTO
  2  SET D='ECONOMIA APLICADA'
  3  WHERE CD=5;

1 row updated.

SQL> UPDATE alu0100981391.TITULACION
  2  SET FAC='ETSII'
  3  WHERE T='GII';

1 row updated.

SQL> DELETE FROM alu0100981391.TITULACION
  2  WHERE T='GII';

1 row deleted.

SQL> ROLLBACK;

Rollback complete.

SQL> CREATE VIEW VISTA3
  2  AS SELECT A,CAR
  3  FROM alu0100981391.ASIGNATURA;

View created.

SQL> SELECT *
  2  FROM VISTA3;

A                                                         CAR                   
-------------------------------------------------- ----------                   
BASES DE DATOS                                              7                   
INTELIGENCIA ARTIFICIAL                                     4                   
ALMACENES DE DATOS                                          7                   
MINERIA DE DATOS                                            7                   
INFORMATICA BASICA                                          7                   
ALGEBRA                                                     1                   
CALCULO                                                     8                   
OPTIMIZACION                                                6                   
GESTION DE RIESGOS                                          4                   
ASTRONOMIA                                                  3                   
ENSENANZA DE LA MATEMATICA                                  5                   

A                                                         CAR                   
-------------------------------------------------- ----------                   
ANALISIS COMPLEJO                                           2                   
ESTADISTICA                                                 6                   

13 rows selected.

SQL> DROP VIEW VISTA3;

View dropped.

SQL> DROP TABLE alu0100981391.ASIGNATURA;
DROP TABLE alu0100981391.ASIGNATURA
                         *
ERROR at line 1:
ORA-01031: insufficient privileges 


SQL> SQL> DROP VIEW VISTA3;
SP2-0734: unknown command beginning "SQL> DROP ..." - rest of line ignored.
SQL> 
SQL> View dropped.
SP2-0734: unknown command beginning "View dropp..." - rest of line ignored.
SQL> EXIT
